[2026-09-20 15:32:43] local.ERROR: Class "DOMDocument" not found {"exception":"[object] (Error(code: 0): Class \"DOMDocument\" not found at /mnt/data/nuclark_work/system defended/vendor/nunomaduro/termwind/src/HtmlRenderer.php:32)
[stacktrace]
#0 /mnt/data/nuclark_work/system defended/vendor/nunomaduro/termwind/src/HtmlRenderer.php(24): Termwind\\HtmlRenderer->parse()
#1 /mnt/data/nuclark_work/system defended/vendor/nunomaduro/termwind/src/Functions.php(41): Termwind\\HtmlRenderer->render()
#2 /mnt/data/nuclark_work/system defended/vendor/laravel/framework/src/Illuminate/Console/View/Components/Component.php(51): Termwind\\render()
#3 /mnt/data/nuclark_work/system defended/vendor/laravel/framework/src/Illuminate/Console/View/Components/Line.php(54): Illuminate\\Console\\View\\Components\\Component->renderView()
#4 /mnt/data/nuclark_work/system defended/vendor/laravel/framework/src/Illuminate/Console/View/Components/Info.php(18): Illuminate\\Console\\View\\Components\\Line->render()
#5 /mnt/data/nuclark_work/system defended/vendor/laravel/framework/src/Illuminate/Console/View/Components/Factory.php(59): Illuminate\\Console\\View\\Components\\Info->render()
#6 /mnt/data/nuclark_work/system defended/vendor/laravel/framework/src/Illuminate/Foundation/Console/ViewClearCommand.php(73): Illuminate\\Console\\View\\Components\\Factory->__call()
#7 /mnt/data/nuclark_work/system defended/vendor/laravel/framework/src/Illuminate/Container/BoundMethod.php(36): Illuminate\\Foundation\\Console\\ViewClearCommand->handle()
#8 /mnt/data/nuclark_work/system defended/vendor/laravel/framework/src/Illuminate/Container/Util.php(43): Illuminate\\Container\\BoundMethod::{closure:Illuminate\\Container\\BoundMethod::call():35}()
#9 /mnt/data/nuclark_work/system defended/vendor/laravel/framework/src/Illuminate/Container/BoundMethod.php(96): Illuminate\\Container\\Util::unwrapIfClosure()
#10 /mnt/data/nuclark_work/system defended/vendor/laravel/framework/src/Illuminate/Container/BoundMethod.php(35): Illuminate\\Container\\BoundMethod::callBoundMethod()
#11 /mnt/data/nuclark_work/system defended/vendor/laravel/framework/src/Illuminate/Container/Container.php(799): Illuminate\\Container\\BoundMethod::call()
#12 /mnt/data/nuclark_work/system defended/vendor/laravel/framework/src/Illuminate/Console/Command.php(211): Illuminate\\Container\\Container->call()
#13 /mnt/data/nuclark_work/system defended/vendor/symfony/console/Command/Command.php(341): Illuminate\\Console\\Command->execute()
#14 /mnt/data/nuclark_work/system defended/vendor/laravel/framework/src/Illuminate/Console/Command.php(180): Symfony\\Component\\Console\\Command\\Command->run()
#15 /mnt/data/nuclark_work/system defended/vendor/symfony/console/Application.php(1117): Illuminate\\Console\\Command->run()
#16 /mnt/data/nuclark_work/system defended/vendor/symfony/console/Application.php(356): Symfony\\Component\\Console\\Application->doRunCommand()
#17 /mnt/data/nuclark_work/system defended/vendor/symfony/console/Application.php(195): Symfony\\Component\\Console\\Application->doRun()
#18 /mnt/data/nuclark_work/system defended/vendor/laravel/framework/src/Illuminate/Foundation/Console/Kernel.php(198): Symfony\\Component\\Console\\Application->run()
#19 /mnt/data/nuclark_work/system defended/vendor/laravel/framework/src/Illuminate/Foundation/Application.php(1235): Illuminate\\Foundation\\Console\\Kernel->handle()
#20 /mnt/data/nuclark_work/system defended/artisan(16): Illuminate\\Foundation\\Application->handleCommand()
#21 {main}
"} 
[2026-09-20 15:32:43] local.ERROR: Class "DOMDocument" not found {"exception":"[object] (Error(code: 0): Class \"DOMDocument\" not found at /mnt/data/nuclark_work/system defended/vendor/nunomaduro/termwind/src/HtmlRenderer.php:32)
[stacktrace]
#0 /mnt/data/nuclark_work/system defended/vendor/nunomaduro/termwind/src/HtmlRenderer.php(24): Termwind\\HtmlRenderer->parse()
#1 /mnt/data/nuclark_work/system defended/vendor/nunomaduro/termwind/src/Functions.php(41): Termwind\\HtmlRenderer->render()
#2 /mnt/data/nuclark_work/system defended/vendor/laravel/framework/src/Illuminate/Console/View/Components/Component.php(51): Termwind\\render()
#3 /mnt/data/nuclark_work/system defended/vendor/laravel/framework/src/Illuminate/Console/View/Components/Line.php(54): Illuminate\\Console\\View\\Components\\Component->renderView()
#4 /mnt/data/nuclark_work/system defended/vendor/laravel/framework/src/Illuminate/Console/View/Components/Info.php(18): Illuminate\\Console\\View\\Components\\Line->render()
#5 /mnt/data/nuclark_work/system defended/vendor/laravel/framework/src/Illuminate/Console/View/Components/Factory.php(59): Illuminate\\Console\\View\\Components\\Info->render()
#6 /mnt/data/nuclark_work/system defended/vendor/laravel/framework/src/Illuminate/Foundation/Console/ViewClearCommand.php(73): Illuminate\\Console\\View\\Components\\Factory->__call()
#7 /mnt/data/nuclark_work/system defended/vendor/laravel/framework/src/Illuminate/Container/BoundMethod.php(36): Illuminate\\Foundation\\Console\\ViewClearCommand->handle()
#8 /mnt/data/nuclark_work/system defended/vendor/laravel/framework/src/Illuminate/Container/Util.php(43): Illuminate\\Container\\BoundMethod::{closure:Illuminate\\Container\\BoundMethod::call():35}()
#9 /mnt/data/nuclark_work/system defended/vendor/laravel/framework/src/Illuminate/Container/BoundMethod.php(96): Illuminate\\Container\\Util::unwrapIfClosure()
#10 /mnt/data/nuclark_work/system defended/vendor/laravel/framework/src/Illuminate/Container/BoundMethod.php(35): Illuminate\\Container\\BoundMethod::callBoundMethod()
#11 /mnt/data/nuclark_work/system defended/vendor/laravel/framework/src/Illuminate/Container/Container.php(799): Illuminate\\Container\\BoundMethod::call()
#12 /mnt/data/nuclark_work/system defended/vendor/laravel/framework/src/Illuminate/Console/Command.php(211): Illuminate\\Container\\Container->call()
#13 /mnt/data/nuclark_work/system defended/vendor/symfony/console/Command/Command.php(341): Illuminate\\Console\\Command->execute()
#14 /mnt/data/nuclark_work/system defended/vendor/laravel/framework/src/Illuminate/Console/Command.php(180): Symfony\\Component\\Console\\Command\\Command->run()
#15 /mnt/data/nuclark_work/system defended/vendor/laravel/framework/src/Illuminate/Console/Concerns/CallsCommands.php(68): Illuminate\\Console\\Command->run()
#16 /mnt/data/nuclark_work/system defended/vendor/laravel/framework/src/Illuminate/Console/Concerns/CallsCommands.php(41): Illuminate\\Console\\Command->runCommand()
#17 /mnt/data/nuclark_work/system defended/vendor/laravel/framework/src/Illuminate/Foundation/Console/ViewCacheCommand.php(36): Illuminate\\Console\\Command->callSilent()
#18 /mnt/data/nuclark_work/system defended/vendor/laravel/framework/src/Illuminate/Container/BoundMethod.php(36): Illuminate\\Foundation\\Console\\ViewCacheCommand->handle()
#19 /mnt/data/nuclark_work/system defended/vendor/laravel/framework/src/Illuminate/Container/Util.php(43): Illuminate\\Container\\BoundMethod::{closure:Illuminate\\Container\\BoundMethod::call():35}()
#20 /mnt/data/nuclark_work/system defended/vendor/laravel/framework/src/Illuminate/Container/BoundMethod.php(96): Illuminate\\Container\\Util::unwrapIfClosure()
#21 /mnt/data/nuclark_work/system defended/vendor/laravel/framework/src/Illuminate/Container/BoundMethod.php(35): Illuminate\\Container\\BoundMethod::callBoundMethod()
#22 /mnt/data/nuclark_work/system defended/vendor/laravel/framework/src/Illuminate/Container/Container.php(799): Illuminate\\Container\\BoundMethod::call()
#23 /mnt/data/nuclark_work/system defended/vendor/laravel/framework/src/Illuminate/Console/Command.php(211): Illuminate\\Container\\Container->call()
#24 /mnt/data/nuclark_work/system defended/vendor/symfony/console/Command/Command.php(341): Illuminate\\Console\\Command->execute()
#25 /mnt/data/nuclark_work/system defended/vendor/laravel/framework/src/Illuminate/Console/Command.php(180): Symfony\\Component\\Console\\Command\\Command->run()
#26 /mnt/data/nuclark_work/system defended/vendor/symfony/console/Application.php(1117): Illuminate\\Console\\Command->run()
#27 /mnt/data/nuclark_work/system defended/vendor/symfony/console/Application.php(356): Symfony\\Component\\Console\\Application->doRunCommand()
#28 /mnt/data/nuclark_work/system defended/vendor/symfony/console/Application.php(195): Symfony\\Component\\Console\\Application->doRun()
#29 /mnt/data/nuclark_work/system defended/vendor/laravel/framework/src/Illuminate/Foundation/Console/Kernel.php(198): Symfony\\Component\\Console\\Application->run()
#30 /mnt/data/nuclark_work/system defended/vendor/laravel/framework/src/Illuminate/Foundation/Application.php(1235): Illuminate\\Foundation\\Console\\Kernel->handle()
#31 /mnt/data/nuclark_work/system defended/artisan(16): Illuminate\\Foundation\\Application->handleCommand()
#32 {main}
"} 
[2026-09-21 01:20:22] local.ERROR: Class "DOMDocument" not found {"exception":"[object] (Error(code: 0): Class \"DOMDocument\" not found at /mnt/data/nuclark_work/system defended/vendor/nunomaduro/termwind/src/HtmlRenderer.php:32)
[stacktrace]
#0 /mnt/data/nuclark_work/system defended/vendor/nunomaduro/termwind/src/HtmlRenderer.php(24): Termwind\\HtmlRenderer->parse()
#1 /mnt/data/nuclark_work/system defended/vendor/nunomaduro/termwind/src/Functions.php(41): Termwind\\HtmlRenderer->render()
#2 /mnt/data/nuclark_work/system defended/vendor/laravel/framework/src/Illuminate/Console/View/Components/Component.php(51): Termwind\\render()
#3 /mnt/data/nuclark_work/system defended/vendor/laravel/framework/src/Illuminate/Console/View/Components/Line.php(54): Illuminate\\Console\\View\\Components\\Component->renderView()
#4 /mnt/data/nuclark_work/system defended/vendor/laravel/framework/src/Illuminate/Console/View/Components/Info.php(18): Illuminate\\Console\\View\\Components\\Line->render()
#5 /mnt/data/nuclark_work/system defended/vendor/laravel/framework/src/Illuminate/Console/View/Components/Factory.php(59): Illuminate\\Console\\View\\Components\\Info->render()
#6 /mnt/data/nuclark_work/system defended/vendor/laravel/framework/src/Illuminate/Foundation/Console/ViewClearCommand.php(73): Illuminate\\Console\\View\\Components\\Factory->__call()
#7 /mnt/data/nuclark_work/system defended/vendor/laravel/framework/src/Illuminate/Container/BoundMethod.php(36): Illuminate\\Foundation\\Console\\ViewClearCommand->handle()
#8 /mnt/data/nuclark_work/system defended/vendor/laravel/framework/src/Illuminate/Container/Util.php(43): Illuminate\\Container\\BoundMethod::{closure:Illuminate\\Container\\BoundMethod::call():35}()
#9 /mnt/data/nuclark_work/system defended/vendor/laravel/framework/src/Illuminate/Container/BoundMethod.php(96): Illuminate\\Container\\Util::unwrapIfClosure()
#10 /mnt/data/nuclark_work/system defended/vendor/laravel/framework/src/Illuminate/Container/BoundMethod.php(35): Illuminate\\Container\\BoundMethod::callBoundMethod()
#11 /mnt/data/nuclark_work/system defended/vendor/laravel/framework/src/Illuminate/Container/Container.php(799): Illuminate\\Container\\BoundMethod::call()
#12 /mnt/data/nuclark_work/system defended/vendor/laravel/framework/src/Illuminate/Console/Command.php(211): Illuminate\\Container\\Container->call()
#13 /mnt/data/nuclark_work/system defended/vendor/symfony/console/Command/Command.php(341): Illuminate\\Console\\Command->execute()
#14 /mnt/data/nuclark_work/system defended/vendor/laravel/framework/src/Illuminate/Console/Command.php(180): Symfony\\Component\\Console\\Command\\Command->run()
#15 /mnt/data/nuclark_work/system defended/vendor/symfony/console/Application.php(1117): Illuminate\\Console\\Command->run()
#16 /mnt/data/nuclark_work/system defended/vendor/symfony/console/Application.php(356): Symfony\\Component\\Console\\Application->doRunCommand()
#17 /mnt/data/nuclark_work/system defended/vendor/symfony/console/Application.php(195): Symfony\\Component\\Console\\Application->doRun()
#18 /mnt/data/nuclark_work/system defended/vendor/laravel/framework/src/Illuminate/Foundation/Console/Kernel.php(198): Symfony\\Component\\Console\\Application->run()
#19 /mnt/data/nuclark_work/system defended/vendor/laravel/framework/src/Illuminate/Foundation/Application.php(1235): Illuminate\\Foundation\\Console\\Kernel->handle()
#20 /mnt/data/nuclark_work/system defended/artisan(16): Illuminate\\Foundation\\Application->handleCommand()
#21 {main}
"} 
[2026-09-21 03:30:11] local.ERROR: Class "DOMDocument" not found {"exception":"[object] (Error(code: 0): Class \"DOMDocument\" not found at /mnt/data/nuclark_login_redesign/system defended/vendor/nunomaduro/termwind/src/HtmlRenderer.php:32)
[stacktrace]
#0 /mnt/data/nuclark_login_redesign/system defended/vendor/nunomaduro/termwind/src/HtmlRenderer.php(24): Termwind\\HtmlRenderer->parse()
#1 /mnt/data/nuclark_login_redesign/system defended/vendor/nunomaduro/termwind/src/Functions.php(41): Termwind\\HtmlRenderer->render()
#2 /mnt/data/nuclark_login_redesign/system defended/vendor/laravel/framework/src/Illuminate/Console/View/Components/Component.php(51): Termwind\\render()
#3 /mnt/data/nuclark_login_redesign/system defended/vendor/laravel/framework/src/Illuminate/Console/View/Components/Line.php(54): Illuminate\\Console\\View\\Components\\Component->renderView()
#4 /mnt/data/nuclark_login_redesign/system defended/vendor/laravel/framework/src/Illuminate/Console/View/Components/Info.php(18): Illuminate\\Console\\View\\Components\\Line->render()
#5 /mnt/data/nuclark_login_redesign/system defended/vendor/laravel/framework/src/Illuminate/Console/View/Components/Factory.php(59): Illuminate\\Console\\View\\Components\\Info->render()
#6 /mnt/data/nuclark_login_redesign/system defended/vendor/laravel/framework/src/Illuminate/Foundation/Console/ViewClearCommand.php(73): Illuminate\\Console\\View\\Components\\Factory->__call()
#7 /mnt/data/nuclark_login_redesign/system defended/vendor/laravel/framework/src/Illuminate/Container/BoundMethod.php(36): Illuminate\\Foundation\\Console\\ViewClearCommand->handle()
#8 /mnt/data/nuclark_login_redesign/system defended/vendor/laravel/framework/src/Illuminate/Container/Util.php(43): Illuminate\\Container\\BoundMethod::{closure:Illuminate\\Container\\BoundMethod::call():35}()
#9 /mnt/data/nuclark_login_redesign/system defended/vendor/laravel/framework/src/Illuminate/Container/BoundMethod.php(96): Illuminate\\Container\\Util::unwrapIfClosure()
#10 /mnt/data/nuclark_login_redesign/system defended/vendor/laravel/framework/src/Illuminate/Container/BoundMethod.php(35): Illuminate\\Container\\BoundMethod::callBoundMethod()
#11 /mnt/data/nuclark_login_redesign/system defended/vendor/laravel/framework/src/Illuminate/Container/Container.php(799): Illuminate\\Container\\BoundMethod::call()
#12 /mnt/data/nuclark_login_redesign/system defended/vendor/laravel/framework/src/Illuminate/Console/Command.php(211): Illuminate\\Container\\Container->call()
#13 /mnt/data/nuclark_login_redesign/system defended/vendor/symfony/console/Command/Command.php(341): Illuminate\\Console\\Command->execute()
#14 /mnt/data/nuclark_login_redesign/system defended/vendor/laravel/framework/src/Illuminate/Console/Command.php(180): Symfony\\Component\\Console\\Command\\Command->run()
#15 /mnt/data/nuclark_login_redesign/system defended/vendor/symfony/console/Application.php(1117): Illuminate\\Console\\Command->run()
#16 /mnt/data/nuclark_login_redesign/system defended/vendor/symfony/console/Application.php(356): Symfony\\Component\\Console\\Application->doRunCommand()
#17 /mnt/data/nuclark_login_redesign/system defended/vendor/symfony/console/Application.php(195): Symfony\\Component\\Console\\Application->doRun()
#18 /mnt/data/nuclark_login_redesign/system defended/vendor/laravel/framework/src/Illuminate/Foundation/Console/Kernel.php(198): Symfony\\Component\\Console\\Application->run()
#19 /mnt/data/nuclark_login_redesign/system defended/vendor/laravel/framework/src/Illuminate/Foundation/Application.php(1235): Illuminate\\Foundation\\Console\\Kernel->handle()
#20 /mnt/data/nuclark_login_redesign/system defended/artisan(16): Illuminate\\Foundation\\Application->handleCommand()
#21 {main}
"} 
[2026-09-22 23:55:18] local.ERROR: could not find driver (Connection: sqlite, Database: /mnt/data/webproj/system defended/database/database.sqlite, SQL: select exists (select 1 from "main".sqlite_master where name = 'migrations' and type = 'table') as "exists") {"exception":"[object] (Illuminate\\Database\\QueryException(code: 0): could not find driver (Connection: sqlite, Database: /mnt/data/webproj/system defended/database/database.sqlite, SQL: select exists (select 1 from \"main\".sqlite_master where name = 'migrations' and type = 'table') as \"exists\") at /mnt/data/webproj/system defended/vendor/laravel/framework/src/Illuminate/Database/Connection.php:838)
[stacktrace]
#0 /mnt/data/webproj/system defended/vendor/laravel/framework/src/Illuminate/Database/Connection.php(794): Illuminate\\Database\\Connection->runQueryCallback()
#1 /mnt/data/webproj/system defended/vendor/laravel/framework/src/Illuminate/Database/Connection.php(411): Illuminate\\Database\\Connection->run()
#2 /mnt/data/webproj/system defended/vendor/laravel/framework/src/Illuminate/Database/Connection.php(357): Illuminate\\Database\\Connection->select()
#3 /mnt/data/webproj/system defended/vendor/laravel/framework/src/Illuminate/Database/Connection.php(374): Illuminate\\Database\\Connection->selectOne()
#4 /mnt/data/webproj/system defended/vendor/laravel/framework/src/Illuminate/Database/Schema/Builder.php(176): Illuminate\\Database\\Connection->scalar()
#5 /mnt/data/webproj/system defended/vendor/laravel/framework/src/Illuminate/Database/Migrations/DatabaseMigrationRepository.php(185): Illuminate\\Database\\Schema\\Builder->hasTable()
#6 /mnt/data/webproj/system defended/vendor/laravel/framework/src/Illuminate/Database/Migrations/Migrator.php(758): Illuminate\\Database\\Migrations\\DatabaseMigrationRepository->repositoryExists()
#7 /mnt/data/webproj/system defended/vendor/laravel/framework/src/Illuminate/Database/Console/Migrations/StatusCommand.php(55): Illuminate\\Database\\Migrations\\Migrator->repositoryExists()
#8 /mnt/data/webproj/system defended/vendor/laravel/framework/src/Illuminate/Database/Migrations/Migrator.php(671): Illuminate\\Database\\Console\\Migrations\\StatusCommand->{closure:Illuminate\\Database\\Console\\Migrations\\StatusCommand::handle():54}()
#9 /mnt/data/webproj/system defended/vendor/laravel/framework/src/Illuminate/Database/Console/Migrations/StatusCommand.php(54): Illuminate\\Database\\Migrations\\Migrator->usingConnection()
#10 /mnt/data/webproj/system defended/vendor/laravel/framework/src/Illuminate/Container/BoundMethod.php(36): Illuminate\\Database\\Console\\Migrations\\StatusCommand->handle()
#11 /mnt/data/webproj/system defended/vendor/laravel/framework/src/Illuminate/Container/Util.php(43): Illuminate\\Container\\BoundMethod::{closure:Illuminate\\Container\\BoundMethod::call():35}()
#12 /mnt/data/webproj/system defended/vendor/laravel/framework/src/Illuminate/Container/BoundMethod.php(96): Illuminate\\Container\\Util::unwrapIfClosure()
#13 /mnt/data/webproj/system defended/vendor/laravel/framework/src/Illuminate/Container/BoundMethod.php(35): Illuminate\\Container\\BoundMethod::callBoundMethod()
#14 /mnt/data/webproj/system defended/vendor/laravel/framework/src/Illuminate/Container/Container.php(799): Illuminate\\Container\\BoundMethod::call()
#15 /mnt/data/webproj/system defended/vendor/laravel/framework/src/Illuminate/Console/Command.php(211): Illuminate\\Container\\Container->call()
#16 /mnt/data/webproj/system defended/vendor/symfony/console/Command/Command.php(341): Illuminate\\Console\\Command->execute()
#17 /mnt/data/webproj/system defended/vendor/laravel/framework/src/Illuminate/Console/Command.php(180): Symfony\\Component\\Console\\Command\\Command->run()
#18 /mnt/data/webproj/system defended/vendor/symfony/console/Application.php(1117): Illuminate\\Console\\Command->run()
#19 /mnt/data/webproj/system defended/vendor/symfony/console/Application.php(356): Symfony\\Component\\Console\\Application->doRunCommand()
#20 /mnt/data/webproj/system defended/vendor/symfony/console/Application.php(195): Symfony\\Component\\Console\\Application->doRun()
#21 /mnt/data/webproj/system defended/vendor/laravel/framework/src/Illuminate/Foundation/Console/Kernel.php(198): Symfony\\Component\\Console\\Application->run()
#22 /mnt/data/webproj/system defended/vendor/laravel/framework/src/Illuminate/Foundation/Application.php(1235): Illuminate\\Foundation\\Console\\Kernel->handle()
#23 /mnt/data/webproj/system defended/artisan(16): Illuminate\\Foundation\\Application->handleCommand()
#24 {main}

[previous exception] [object] (PDOException(code: 0): could not find driver at /mnt/data/webproj/system defended/vendor/laravel/framework/src/Illuminate/Database/Connectors/Connector.php:67)
[stacktrace]
#0 /mnt/data/webproj/system defended/vendor/laravel/framework/src/Illuminate/Database/Connectors/Connector.php(67): PDO::connect()
#1 /mnt/data/webproj/system defended/vendor/laravel/framework/src/Illuminate/Database/Connectors/Connector.php(44): Illuminate\\Database\\Connectors\\Connector->createPdoConnection()
#2 /mnt/data/webproj/system defended/vendor/laravel/framework/src/Illuminate/Database/Connectors/SQLiteConnector.php(21): Illuminate\\Database\\Connectors\\Connector->createConnection()
#3 /mnt/data/webproj/system defended/vendor/laravel/framework/src/Illuminate/Database/Connectors/ConnectionFactory.php(225): Illuminate\\Database\\Connectors\\SQLiteConnector->connect()
#4 [internal function]: Illuminate\\Database\\Connectors\\ConnectionFactory->{closure:Illuminate\\Database\\Connectors\\ConnectionFactory::createPdoResolverWithoutHosts():225}()
#5 /mnt/data/webproj/system defended/vendor/laravel/framework/src/Illuminate/Database/Connection.php(1257): call_user_func()
#6 /mnt/data/webproj/system defended/vendor/laravel/framework/src/Illuminate/Database/Connection.php(1295): Illuminate\\Database\\Connection->getPdo()
#7 /mnt/data/webproj/system defended/vendor/laravel/framework/src/Illuminate/Database/Connection.php(525): Illuminate\\Database\\Connection->getReadPdo()
#8 /mnt/data/webproj/system defended/vendor/laravel/framework/src/Illuminate/Database/Connection.php(420): Illuminate\\Database\\Connection->getPdoForSelect()
#9 /mnt/data/webproj/system defended/vendor/laravel/framework/src/Illuminate/Database/Connection.php(827): Illuminate\\Database\\Connection->{closure:Illuminate\\Database\\Connection::select():411}()
#10 /mnt/data/webproj/system defended/vendor/laravel/framework/src/Illuminate/Database/Connection.php(794): Illuminate\\Database\\Connection->runQueryCallback()
#11 /mnt/data/webproj/system defended/vendor/laravel/framework/src/Illuminate/Database/Connection.php(411): Illuminate\\Database\\Connection->run()
#12 /mnt/data/webproj/system defended/vendor/laravel/framework/src/Illuminate/Database/Connection.php(357): Illuminate\\Database\\Connection->select()
#13 /mnt/data/webproj/system defended/vendor/laravel/framework/src/Illuminate/Database/Connection.php(374): Illuminate\\Database\\Connection->selectOne()
#14 /mnt/data/webproj/system defended/vendor/laravel/framework/src/Illuminate/Database/Schema/Builder.php(176): Illuminate\\Database\\Connection->scalar()
#15 /mnt/data/webproj/system defended/vendor/laravel/framework/src/Illuminate/Database/Migrations/DatabaseMigrationRepository.php(185): Illuminate\\Database\\Schema\\Builder->hasTable()
#16 /mnt/data/webproj/system defended/vendor/laravel/framework/src/Illuminate/Database/Migrations/Migrator.php(758): Illuminate\\Database\\Migrations\\DatabaseMigrationRepository->repositoryExists()
#17 /mnt/data/webproj/system defended/vendor/laravel/framework/src/Illuminate/Database/Console/Migrations/StatusCommand.php(55): Illuminate\\Database\\Migrations\\Migrator->repositoryExists()
#18 /mnt/data/webproj/system defended/vendor/laravel/framework/src/Illuminate/Database/Migrations/Migrator.php(671): Illuminate\\Database\\Console\\Migrations\\StatusCommand->{closure:Illuminate\\Database\\Console\\Migrations\\StatusCommand::handle():54}()
#19 /mnt/data/webproj/system defended/vendor/laravel/framework/src/Illuminate/Database/Console/Migrations/StatusCommand.php(54): Illuminate\\Database\\Migrations\\Migrator->usingConnection()
#20 /mnt/data/webproj/system defended/vendor/laravel/framework/src/Illuminate/Container/BoundMethod.php(36): Illuminate\\Database\\Console\\Migrations\\StatusCommand->handle()
#21 /mnt/data/webproj/system defended/vendor/laravel/framework/src/Illuminate/Container/Util.php(43): Illuminate\\Container\\BoundMethod::{closure:Illuminate\\Container\\BoundMethod::call():35}()
#22 /mnt/data/webproj/system defended/vendor/laravel/framework/src/Illuminate/Container/BoundMethod.php(96): Illuminate\\Container\\Util::unwrapIfClosure()
#23 /mnt/data/webproj/system defended/vendor/laravel/framework/src/Illuminate/Container/BoundMethod.php(35): Illuminate\\Container\\BoundMethod::callBoundMethod()
#24 /mnt/data/webproj/system defended/vendor/laravel/framework/src/Illuminate/Container/Container.php(799): Illuminate\\Container\\BoundMethod::call()
#25 /mnt/data/webproj/system defended/vendor/laravel/framework/src/Illuminate/Console/Command.php(211): Illuminate\\Container\\Container->call()
#26 /mnt/data/webproj/system defended/vendor/symfony/console/Command/Command.php(341): Illuminate\\Console\\Command->execute()
#27 /mnt/data/webproj/system defended/vendor/laravel/framework/src/Illuminate/Console/Command.php(180): Symfony\\Component\\Console\\Command\\Command->run()
#28 /mnt/data/webproj/system defended/vendor/symfony/console/Application.php(1117): Illuminate\\Console\\Command->run()
#29 /mnt/data/webproj/system defended/vendor/symfony/console/Application.php(356): Symfony\\Component\\Console\\Application->doRunCommand()
#30 /mnt/data/webproj/system defended/vendor/symfony/console/Application.php(195): Symfony\\Component\\Console\\Application->doRun()
#31 /mnt/data/webproj/system defended/vendor/laravel/framework/src/Illuminate/Foundation/Console/Kernel.php(198): Symfony\\Component\\Console\\Application->run()
#32 /mnt/data/webproj/system defended/vendor/laravel/framework/src/Illuminate/Foundation/Application.php(1235): Illuminate\\Foundation\\Console\\Kernel->handle()
#33 /mnt/data/webproj/system defended/artisan(16): Illuminate\\Foundation\\Application->handleCommand()
#34 {main}
"} 
[2026-09-22 23:55:31] local.ERROR: could not find driver (Connection: sqlite, Database: /mnt/data/panel_test.sqlite, SQL: select exists (select 1 from "main".sqlite_master where name = 'migrations' and type = 'table') as "exists") {"exception":"[object] (Illuminate\\Database\\QueryException(code: 0): could not find driver (Connection: sqlite, Database: /mnt/data/panel_test.sqlite, SQL: select exists (select 1 from \"main\".sqlite_master where name = 'migrations' and type = 'table') as \"exists\") at /mnt/data/webproj/system defended/vendor/laravel/framework/src/Illuminate/Database/Connection.php:838)
[stacktrace]
#0 /mnt/data/webproj/system defended/vendor/laravel/framework/src/Illuminate/Database/Connection.php(794): Illuminate\\Database\\Connection->runQueryCallback()
#1 /mnt/data/webproj/system defended/vendor/laravel/framework/src/Illuminate/Database/Connection.php(411): Illuminate\\Database\\Connection->run()
#2 /mnt/data/webproj/system defended/vendor/laravel/framework/src/Illuminate/Database/Connection.php(357): Illuminate\\Database\\Connection->select()
#3 /mnt/data/webproj/system defended/vendor/laravel/framework/src/Illuminate/Database/Connection.php(374): Illuminate\\Database\\Connection->selectOne()
#4 /mnt/data/webproj/system defended/vendor/laravel/framework/src/Illuminate/Database/Schema/Builder.php(176): Illuminate\\Database\\Connection->scalar()
#5 /mnt/data/webproj/system defended/vendor/laravel/framework/src/Illuminate/Database/Migrations/DatabaseMigrationRepository.php(185): Illuminate\\Database\\Schema\\Builder->hasTable()
#6 /mnt/data/webproj/system defended/vendor/laravel/framework/src/Illuminate/Database/Migrations/Migrator.php(758): Illuminate\\Database\\Migrations\\DatabaseMigrationRepository->repositoryExists()
#7 /mnt/data/webproj/system defended/vendor/laravel/framework/src/Illuminate/Database/Console/Migrations/MigrateCommand.php(164): Illuminate\\Database\\Migrations\\Migrator->repositoryExists()
#8 /mnt/data/webproj/system defended/vendor/laravel/framework/src/Illuminate/Support/helpers.php(328): Illuminate\\Database\\Console\\Migrations\\MigrateCommand->{closure:Illuminate\\Database\\Console\\Migrations\\MigrateCommand::repositoryExists():164}()
#9 /mnt/data/webproj/system defended/vendor/laravel/framework/src/Illuminate/Database/Console/Migrations/MigrateCommand.php(164): retry()
#10 /mnt/data/webproj/system defended/vendor/laravel/framework/src/Illuminate/Database/Console/Migrations/MigrateCommand.php(140): Illuminate\\Database\\Console\\Migrations\\MigrateCommand->repositoryExists()
#11 /mnt/data/webproj/system defended/vendor/laravel/framework/src/Illuminate/Database/Console/Migrations/MigrateCommand.php(110): Illuminate\\Database\\Console\\Migrations\\MigrateCommand->prepareDatabase()
#12 /mnt/data/webproj/system defended/vendor/laravel/framework/src/Illuminate/Database/Migrations/Migrator.php(671): Illuminate\\Database\\Console\\Migrations\\MigrateCommand->{closure:Illuminate\\Database\\Console\\Migrations\\MigrateCommand::runMigrations():109}()
#13 /mnt/data/webproj/system defended/vendor/laravel/framework/src/Illuminate/Database/Console/Migrations/MigrateCommand.php(109): Illuminate\\Database\\Migrations\\Migrator->usingConnection()
#14 /mnt/data/webproj/system defended/vendor/laravel/framework/src/Illuminate/Database/Console/Migrations/MigrateCommand.php(88): Illuminate\\Database\\Console\\Migrations\\MigrateCommand->runMigrations()
#15 /mnt/data/webproj/system defended/vendor/laravel/framework/src/Illuminate/Container/BoundMethod.php(36): Illuminate\\Database\\Console\\Migrations\\MigrateCommand->handle()
#16 /mnt/data/webproj/system defended/vendor/laravel/framework/src/Illuminate/Container/Util.php(43): Illuminate\\Container\\BoundMethod::{closure:Illuminate\\Container\\BoundMethod::call():35}()
#17 /mnt/data/webproj/system defended/vendor/laravel/framework/src/Illuminate/Container/BoundMethod.php(96): Illuminate\\Container\\Util::unwrapIfClosure()
#18 /mnt/data/webproj/system defended/vendor/laravel/framework/src/Illuminate/Container/BoundMethod.php(35): Illuminate\\Container\\BoundMethod::callBoundMethod()
#19 /mnt/data/webproj/system defended/vendor/laravel/framework/src/Illuminate/Container/Container.php(799): Illuminate\\Container\\BoundMethod::call()
#20 /mnt/data/webproj/system defended/vendor/laravel/framework/src/Illuminate/Console/Command.php(211): Illuminate\\Container\\Container->call()
#21 /mnt/data/webproj/system defended/vendor/symfony/console/Command/Command.php(341): Illuminate\\Console\\Command->execute()
#22 /mnt/data/webproj/system defended/vendor/laravel/framework/src/Illuminate/Console/Command.php(180): Symfony\\Component\\Console\\Command\\Command->run()
#23 /mnt/data/webproj/system defended/vendor/laravel/framework/src/Illuminate/Console/Concerns/CallsCommands.php(68): Illuminate\\Console\\Command->run()
#24 /mnt/data/webproj/system defended/vendor/laravel/framework/src/Illuminate/Console/Concerns/CallsCommands.php(29): Illuminate\\Console\\Command->runCommand()
#25 /mnt/data/webproj/system defended/vendor/laravel/framework/src/Illuminate/Database/Console/Migrations/FreshCommand.php(88): Illuminate\\Console\\Command->call()
#26 /mnt/data/webproj/system defended/vendor/laravel/framework/src/Illuminate/Container/BoundMethod.php(36): Illuminate\\Database\\Console\\Migrations\\FreshCommand->handle()
#27 /mnt/data/webproj/system defended/vendor/laravel/framework/src/Illuminate/Container/Util.php(43): Illuminate\\Container\\BoundMethod::{closure:Illuminate\\Container\\BoundMethod::call():35}()
#28 /mnt/data/webproj/system defended/vendor/laravel/framework/src/Illuminate/Container/BoundMethod.php(96): Illuminate\\Container\\Util::unwrapIfClosure()
#29 /mnt/data/webproj/system defended/vendor/laravel/framework/src/Illuminate/Container/BoundMethod.php(35): Illuminate\\Container\\BoundMethod::callBoundMethod()
#30 /mnt/data/webproj/system defended/vendor/laravel/framework/src/Illuminate/Container/Container.php(799): Illuminate\\Container\\BoundMethod::call()
#31 /mnt/data/webproj/system defended/vendor/laravel/framework/src/Illuminate/Console/Command.php(211): Illuminate\\Container\\Container->call()
#32 /mnt/data/webproj/system defended/vendor/symfony/console/Command/Command.php(341): Illuminate\\Console\\Command->execute()
#33 /mnt/data/webproj/system defended/vendor/laravel/framework/src/Illuminate/Console/Command.php(180): Symfony\\Component\\Console\\Command\\Command->run()
#34 /mnt/data/webproj/system defended/vendor/symfony/console/Application.php(1117): Illuminate\\Console\\Command->run()
#35 /mnt/data/webproj/system defended/vendor/symfony/console/Application.php(356): Symfony\\Component\\Console\\Application->doRunCommand()
#36 /mnt/data/webproj/system defended/vendor/symfony/console/Application.php(195): Symfony\\Component\\Console\\Application->doRun()
#37 /mnt/data/webproj/system defended/vendor/laravel/framework/src/Illuminate/Foundation/Console/Kernel.php(198): Symfony\\Component\\Console\\Application->run()
#38 /mnt/data/webproj/system defended/vendor/laravel/framework/src/Illuminate/Foundation/Application.php(1235): Illuminate\\Foundation\\Console\\Kernel->handle()
#39 /mnt/data/webproj/system defended/artisan(16): Illuminate\\Foundation\\Application->handleCommand()
#40 {main}

[previous exception] [object] (PDOException(code: 0): could not find driver at /mnt/data/webproj/system defended/vendor/laravel/framework/src/Illuminate/Database/Connectors/Connector.php:67)
[stacktrace]
#0 /mnt/data/webproj/system defended/vendor/laravel/framework/src/Illuminate/Database/Connectors/Connector.php(67): PDO::connect()
#1 /mnt/data/webproj/system defended/vendor/laravel/framework/src/Illuminate/Database/Connectors/Connector.php(44): Illuminate\\Database\\Connectors\\Connector->createPdoConnection()
#2 /mnt/data/webproj/system defended/vendor/laravel/framework/src/Illuminate/Database/Connectors/SQLiteConnector.php(21): Illuminate\\Database\\Connectors\\Connector->createConnection()
#3 /mnt/data/webproj/system defended/vendor/laravel/framework/src/Illuminate/Database/Connectors/ConnectionFactory.php(225): Illuminate\\Database\\Connectors\\SQLiteConnector->connect()
#4 [internal function]: Illuminate\\Database\\Connectors\\ConnectionFactory->{closure:Illuminate\\Database\\Connectors\\ConnectionFactory::createPdoResolverWithoutHosts():225}()
#5 /mnt/data/webproj/system defended/vendor/laravel/framework/src/Illuminate/Database/Connection.php(1257): call_user_func()
#6 /mnt/data/webproj/system defended/vendor/laravel/framework/src/Illuminate/Database/Connection.php(1295): Illuminate\\Database\\Connection->getPdo()
#7 /mnt/data/webproj/system defended/vendor/laravel/framework/src/Illuminate/Database/Connection.php(525): Illuminate\\Database\\Connection->getReadPdo()
#8 /mnt/data/webproj/system defended/vendor/laravel/framework/src/Illuminate/Database/Connection.php(420): Illuminate\\Database\\Connection->getPdoForSelect()
#9 /mnt/data/webproj/system defended/vendor/laravel/framework/src/Illuminate/Database/Connection.php(827): Illuminate\\Database\\Connection->{closure:Illuminate\\Database\\Connection::select():411}()
#10 /mnt/data/webproj/system defended/vendor/laravel/framework/src/Illuminate/Database/Connection.php(794): Illuminate\\Database\\Connection->runQueryCallback()
#11 /mnt/data/webproj/system defended/vendor/laravel/framework/src/Illuminate/Database/Connection.php(411): Illuminate\\Database\\Connection->run()
#12 /mnt/data/webproj/system defended/vendor/laravel/framework/src/Illuminate/Database/Connection.php(357): Illuminate\\Database\\Connection->select()
#13 /mnt/data/webproj/system defended/vendor/laravel/framework/src/Illuminate/Database/Connection.php(374): Illuminate\\Database\\Connection->selectOne()
#14 /mnt/data/webproj/system defended/vendor/laravel/framework/src/Illuminate/Database/Schema/Builder.php(176): Illuminate\\Database\\Connection->scalar()
#15 /mnt/data/webproj/system defended/vendor/laravel/framework/src/Illuminate/Database/Migrations/DatabaseMigrationRepository.php(185): Illuminate\\Database\\Schema\\Builder->hasTable()
#16 /mnt/data/webproj/system defended/vendor/laravel/framework/src/Illuminate/Database/Migrations/Migrator.php(758): Illuminate\\Database\\Migrations\\DatabaseMigrationRepository->repositoryExists()
#17 /mnt/data/webproj/system defended/vendor/laravel/framework/src/Illuminate/Database/Console/Migrations/MigrateCommand.php(164): Illuminate\\Database\\Migrations\\Migrator->repositoryExists()
#18 /mnt/data/webproj/system defended/vendor/laravel/framework/src/Illuminate/Support/helpers.php(328): Illuminate\\Database\\Console\\Migrations\\MigrateCommand->{closure:Illuminate\\Database\\Console\\Migrations\\MigrateCommand::repositoryExists():164}()
#19 /mnt/data/webproj/system defended/vendor/laravel/framework/src/Illuminate/Database/Console/Migrations/MigrateCommand.php(164): retry()
#20 /mnt/data/webproj/system defended/vendor/laravel/framework/src/Illuminate/Database/Console/Migrations/MigrateCommand.php(140): Illuminate\\Database\\Console\\Migrations\\MigrateCommand->repositoryExists()
#21 /mnt/data/webproj/system defended/vendor/laravel/framework/src/Illuminate/Database/Console/Migrations/MigrateCommand.php(110): Illuminate\\Database\\Console\\Migrations\\MigrateCommand->prepareDatabase()
#22 /mnt/data/webproj/system defended/vendor/laravel/framework/src/Illuminate/Database/Migrations/Migrator.php(671): Illuminate\\Database\\Console\\Migrations\\MigrateCommand->{closure:Illuminate\\Database\\Console\\Migrations\\MigrateCommand::runMigrations():109}()
#23 /mnt/data/webproj/system defended/vendor/laravel/framework/src/Illuminate/Database/Console/Migrations/MigrateCommand.php(109): Illuminate\\Database\\Migrations\\Migrator->usingConnection()
#24 /mnt/data/webproj/system defended/vendor/laravel/framework/src/Illuminate/Database/Console/Migrations/MigrateCommand.php(88): Illuminate\\Database\\Console\\Migrations\\MigrateCommand->runMigrations()
#25 /mnt/data/webproj/system defended/vendor/laravel/framework/src/Illuminate/Container/BoundMethod.php(36): Illuminate\\Database\\Console\\Migrations\\MigrateCommand->handle()
#26 /mnt/data/webproj/system defended/vendor/laravel/framework/src/Illuminate/Container/Util.php(43): Illuminate\\Container\\BoundMethod::{closure:Illuminate\\Container\\BoundMethod::call():35}()
#27 /mnt/data/webproj/system defended/vendor/laravel/framework/src/Illuminate/Container/BoundMethod.php(96): Illuminate\\Container\\Util::unwrapIfClosure()
#28 /mnt/data/webproj/system defended/vendor/laravel/framework/src/Illuminate/Container/BoundMethod.php(35): Illuminate\\Container\\BoundMethod::callBoundMethod()
#29 /mnt/data/webproj/system defended/vendor/laravel/framework/src/Illuminate/Container/Container.php(799): Illuminate\\Container\\BoundMethod::call()
#30 /mnt/data/webproj/system defended/vendor/laravel/framework/src/Illuminate/Console/Command.php(211): Illuminate\\Container\\Container->call()
#31 /mnt/data/webproj/system defended/vendor/symfony/console/Command/Command.php(341): Illuminate\\Console\\Command->execute()
#32 /mnt/data/webproj/system defended/vendor/laravel/framework/src/Illuminate/Console/Command.php(180): Symfony\\Component\\Console\\Command\\Command->run()
#33 /mnt/data/webproj/system defended/vendor/laravel/framework/src/Illuminate/Console/Concerns/CallsCommands.php(68): Illuminate\\Console\\Command->run()
#34 /mnt/data/webproj/system defended/vendor/laravel/framework/src/Illuminate/Console/Concerns/CallsCommands.php(29): Illuminate\\Console\\Command->runCommand()
#35 /mnt/data/webproj/system defended/vendor/laravel/framework/src/Illuminate/Database/Console/Migrations/FreshCommand.php(88): Illuminate\\Console\\Command->call()
#36 /mnt/data/webproj/system defended/vendor/laravel/framework/src/Illuminate/Container/BoundMethod.php(36): Illuminate\\Database\\Console\\Migrations\\FreshCommand->handle()
#37 /mnt/data/webproj/system defended/vendor/laravel/framework/src/Illuminate/Container/Util.php(43): Illuminate\\Container\\BoundMethod::{closure:Illuminate\\Container\\BoundMethod::call():35}()
#38 /mnt/data/webproj/system defended/vendor/laravel/framework/src/Illuminate/Container/BoundMethod.php(96): Illuminate\\Container\\Util::unwrapIfClosure()
#39 /mnt/data/webproj/system defended/vendor/laravel/framework/src/Illuminate/Container/BoundMethod.php(35): Illuminate\\Container\\BoundMethod::callBoundMethod()
#40 /mnt/data/webproj/system defended/vendor/laravel/framework/src/Illuminate/Container/Container.php(799): Illuminate\\Container\\BoundMethod::call()
#41 /mnt/data/webproj/system defended/vendor/laravel/framework/src/Illuminate/Console/Command.php(211): Illuminate\\Container\\Container->call()
#42 /mnt/data/webproj/system defended/vendor/symfony/console/Command/Command.php(341): Illuminate\\Console\\Command->execute()
#43 /mnt/data/webproj/system defended/vendor/laravel/framework/src/Illuminate/Console/Command.php(180): Symfony\\Component\\Console\\Command\\Command->run()
#44 /mnt/data/webproj/system defended/vendor/symfony/console/Application.php(1117): Illuminate\\Console\\Command->run()
#45 /mnt/data/webproj/system defended/vendor/symfony/console/Application.php(356): Symfony\\Component\\Console\\Application->doRunCommand()
#46 /mnt/data/webproj/system defended/vendor/symfony/console/Application.php(195): Symfony\\Component\\Console\\Application->doRun()
#47 /mnt/data/webproj/system defended/vendor/laravel/framework/src/Illuminate/Foundation/Console/Kernel.php(198): Symfony\\Component\\Console\\Application->run()
#48 /mnt/data/webproj/system defended/vendor/laravel/framework/src/Illuminate/Foundation/Application.php(1235): Illuminate\\Foundation\\Console\\Kernel->handle()
#49 /mnt/data/webproj/system defended/artisan(16): Illuminate\\Foundation\\Application->handleCommand()
#50 {main}
"} 
[2026-09-22 23:55:39] local.ERROR: could not find driver (Connection: sqlite, Database: /mnt/data/panel_test.sqlite, SQL: select exists (select 1 from "main".sqlite_master where name = 'migrations' and type = 'table') as "exists") {"exception":"[object] (Illuminate\\Database\\QueryException(code: 0): could not find driver (Connection: sqlite, Database: /mnt/data/panel_test.sqlite, SQL: select exists (select 1 from \"main\".sqlite_master where name = 'migrations' and type = 'table') as \"exists\") at /mnt/data/webproj/system defended/vendor/laravel/framework/src/Illuminate/Database/Connection.php:838)
[stacktrace]
#0 /mnt/data/webproj/system defended/vendor/laravel/framework/src/Illuminate/Database/Connection.php(794): Illuminate\\Database\\Connection->runQueryCallback()
#1 /mnt/data/webproj/system defended/vendor/laravel/framework/src/Illuminate/Database/Connection.php(411): Illuminate\\Database\\Connection->run()
#2 /mnt/data/webproj/system defended/vendor/laravel/framework/src/Illuminate/Database/Connection.php(357): Illuminate\\Database\\Connection->select()
#3 /mnt/data/webproj/system defended/vendor/laravel/framework/src/Illuminate/Database/Connection.php(374): Illuminate\\Database\\Connection->selectOne()
#4 /mnt/data/webproj/system defended/vendor/laravel/framework/src/Illuminate/Database/Schema/Builder.php(176): Illuminate\\Database\\Connection->scalar()
#5 /mnt/data/webproj/system defended/vendor/laravel/framework/src/Illuminate/Database/Migrations/DatabaseMigrationRepository.php(185): Illuminate\\Database\\Schema\\Builder->hasTable()
#6 /mnt/data/webproj/system defended/vendor/laravel/framework/src/Illuminate/Database/Migrations/Migrator.php(758): Illuminate\\Database\\Migrations\\DatabaseMigrationRepository->repositoryExists()
#7 /mnt/data/webproj/system defended/vendor/laravel/framework/src/Illuminate/Database/Console/Migrations/MigrateCommand.php(164): Illuminate\\Database\\Migrations\\Migrator->repositoryExists()
#8 /mnt/data/webproj/system defended/vendor/laravel/framework/src/Illuminate/Support/helpers.php(328): Illuminate\\Database\\Console\\Migrations\\MigrateCommand->{closure:Illuminate\\Database\\Console\\Migrations\\MigrateCommand::repositoryExists():164}()
#9 /mnt/data/webproj/system defended/vendor/laravel/framework/src/Illuminate/Database/Console/Migrations/MigrateCommand.php(164): retry()
#10 /mnt/data/webproj/system defended/vendor/laravel/framework/src/Illuminate/Database/Console/Migrations/MigrateCommand.php(140): Illuminate\\Database\\Console\\Migrations\\MigrateCommand->repositoryExists()
#11 /mnt/data/webproj/system defended/vendor/laravel/framework/src/Illuminate/Database/Console/Migrations/MigrateCommand.php(110): Illuminate\\Database\\Console\\Migrations\\MigrateCommand->prepareDatabase()
#12 /mnt/data/webproj/system defended/vendor/laravel/framework/src/Illuminate/Database/Migrations/Migrator.php(671): Illuminate\\Database\\Console\\Migrations\\MigrateCommand->{closure:Illuminate\\Database\\Console\\Migrations\\MigrateCommand::runMigrations():109}()
#13 /mnt/data/webproj/system defended/vendor/laravel/framework/src/Illuminate/Database/Console/Migrations/MigrateCommand.php(109): Illuminate\\Database\\Migrations\\Migrator->usingConnection()
#14 /mnt/data/webproj/system defended/vendor/laravel/framework/src/Illuminate/Database/Console/Migrations/MigrateCommand.php(88): Illuminate\\Database\\Console\\Migrations\\MigrateCommand->runMigrations()
#15 /mnt/data/webproj/system defended/vendor/laravel/framework/src/Illuminate/Container/BoundMethod.php(36): Illuminate\\Database\\Console\\Migrations\\MigrateCommand->handle()
#16 /mnt/data/webproj/system defended/vendor/laravel/framework/src/Illuminate/Container/Util.php(43): Illuminate\\Container\\BoundMethod::{closure:Illuminate\\Container\\BoundMethod::call():35}()
#17 /mnt/data/webproj/system defended/vendor/laravel/framework/src/Illuminate/Container/BoundMethod.php(96): Illuminate\\Container\\Util::unwrapIfClosure()
#18 /mnt/data/webproj/system defended/vendor/laravel/framework/src/Illuminate/Container/BoundMethod.php(35): Illuminate\\Container\\BoundMethod::callBoundMethod()
#19 /mnt/data/webproj/system defended/vendor/laravel/framework/src/Illuminate/Container/Container.php(799): Illuminate\\Container\\BoundMethod::call()
#20 /mnt/data/webproj/system defended/vendor/laravel/framework/src/Illuminate/Console/Command.php(211): Illuminate\\Container\\Container->call()
#21 /mnt/data/webproj/system defended/vendor/symfony/console/Command/Command.php(341): Illuminate\\Console\\Command->execute()
#22 /mnt/data/webproj/system defended/vendor/laravel/framework/src/Illuminate/Console/Command.php(180): Symfony\\Component\\Console\\Command\\Command->run()
#23 /mnt/data/webproj/system defended/vendor/laravel/framework/src/Illuminate/Console/Concerns/CallsCommands.php(68): Illuminate\\Console\\Command->run()
#24 /mnt/data/webproj/system defended/vendor/laravel/framework/src/Illuminate/Console/Concerns/CallsCommands.php(29): Illuminate\\Console\\Command->runCommand()
#25 /mnt/data/webproj/system defended/vendor/laravel/framework/src/Illuminate/Database/Console/Migrations/FreshCommand.php(88): Illuminate\\Console\\Command->call()
#26 /mnt/data/webproj/system defended/vendor/laravel/framework/src/Illuminate/Container/BoundMethod.php(36): Illuminate\\Database\\Console\\Migrations\\FreshCommand->handle()
#27 /mnt/data/webproj/system defended/vendor/laravel/framework/src/Illuminate/Container/Util.php(43): Illuminate\\Container\\BoundMethod::{closure:Illuminate\\Container\\BoundMethod::call():35}()
#28 /mnt/data/webproj/system defended/vendor/laravel/framework/src/Illuminate/Container/BoundMethod.php(96): Illuminate\\Container\\Util::unwrapIfClosure()
#29 /mnt/data/webproj/system defended/vendor/laravel/framework/src/Illuminate/Container/BoundMethod.php(35): Illuminate\\Container\\BoundMethod::callBoundMethod()
#30 /mnt/data/webproj/system defended/vendor/laravel/framework/src/Illuminate/Container/Container.php(799): Illuminate\\Container\\BoundMethod::call()
#31 /mnt/data/webproj/system defended/vendor/laravel/framework/src/Illuminate/Console/Command.php(211): Illuminate\\Container\\Container->call()
#32 /mnt/data/webproj/system defended/vendor/symfony/console/Command/Command.php(341): Illuminate\\Console\\Command->execute()
#33 /mnt/data/webproj/system defended/vendor/laravel/framework/src/Illuminate/Console/Command.php(180): Symfony\\Component\\Console\\Command\\Command->run()
#34 /mnt/data/webproj/system defended/vendor/symfony/console/Application.php(1117): Illuminate\\Console\\Command->run()
#35 /mnt/data/webproj/system defended/vendor/symfony/console/Application.php(356): Symfony\\Component\\Console\\Application->doRunCommand()
#36 /mnt/data/webproj/system defended/vendor/symfony/console/Application.php(195): Symfony\\Component\\Console\\Application->doRun()
#37 /mnt/data/webproj/system defended/vendor/laravel/framework/src/Illuminate/Foundation/Console/Kernel.php(198): Symfony\\Component\\Console\\Application->run()
#38 /mnt/data/webproj/system defended/vendor/laravel/framework/src/Illuminate/Foundation/Application.php(1235): Illuminate\\Foundation\\Console\\Kernel->handle()
#39 /mnt/data/webproj/system defended/artisan(16): Illuminate\\Foundation\\Application->handleCommand()
#40 {main}

[previous exception] [object] (PDOException(code: 0): could not find driver at /mnt/data/webproj/system defended/vendor/laravel/framework/src/Illuminate/Database/Connectors/Connector.php:67)
[stacktrace]
#0 /mnt/data/webproj/system defended/vendor/laravel/framework/src/Illuminate/Database/Connectors/Connector.php(67): PDO::connect()
#1 /mnt/data/webproj/system defended/vendor/laravel/framework/src/Illuminate/Database/Connectors/Connector.php(44): Illuminate\\Database\\Connectors\\Connector->createPdoConnection()
#2 /mnt/data/webproj/system defended/vendor/laravel/framework/src/Illuminate/Database/Connectors/SQLiteConnector.php(21): Illuminate\\Database\\Connectors\\Connector->createConnection()
#3 /mnt/data/webproj/system defended/vendor/laravel/framework/src/Illuminate/Database/Connectors/ConnectionFactory.php(225): Illuminate\\Database\\Connectors\\SQLiteConnector->connect()
#4 [internal function]: Illuminate\\Database\\Connectors\\ConnectionFactory->{closure:Illuminate\\Database\\Connectors\\ConnectionFactory::createPdoResolverWithoutHosts():225}()
#5 /mnt/data/webproj/system defended/vendor/laravel/framework/src/Illuminate/Database/Connection.php(1257): call_user_func()
#6 /mnt/data/webproj/system defended/vendor/laravel/framework/src/Illuminate/Database/Connection.php(1295): Illuminate\\Database\\Connection->getPdo()
#7 /mnt/data/webproj/system defended/vendor/laravel/framework/src/Illuminate/Database/Connection.php(525): Illuminate\\Database\\Connection->getReadPdo()
#8 /mnt/data/webproj/system defended/vendor/laravel/framework/src/Illuminate/Database/Connection.php(420): Illuminate\\Database\\Connection->getPdoForSelect()
#9 /mnt/data/webproj/system defended/vendor/laravel/framework/src/Illuminate/Database/Connection.php(827): Illuminate\\Database\\Connection->{closure:Illuminate\\Database\\Connection::select():411}()
#10 /mnt/data/webproj/system defended/vendor/laravel/framework/src/Illuminate/Database/Connection.php(794): Illuminate\\Database\\Connection->runQueryCallback()
#11 /mnt/data/webproj/system defended/vendor/laravel/framework/src/Illuminate/Database/Connection.php(411): Illuminate\\Database\\Connection->run()
#12 /mnt/data/webproj/system defended/vendor/laravel/framework/src/Illuminate/Database/Connection.php(357): Illuminate\\Database\\Connection->select()
#13 /mnt/data/webproj/system defended/vendor/laravel/framework/src/Illuminate/Database/Connection.php(374): Illuminate\\Database\\Connection->selectOne()
#14 /mnt/data/webproj/system defended/vendor/laravel/framework/src/Illuminate/Database/Schema/Builder.php(176): Illuminate\\Database\\Connection->scalar()
#15 /mnt/data/webproj/system defended/vendor/laravel/framework/src/Illuminate/Database/Migrations/DatabaseMigrationRepository.php(185): Illuminate\\Database\\Schema\\Builder->hasTable()
#16 /mnt/data/webproj/system defended/vendor/laravel/framework/src/Illuminate/Database/Migrations/Migrator.php(758): Illuminate\\Database\\Migrations\\DatabaseMigrationRepository->repositoryExists()
#17 /mnt/data/webproj/system defended/vendor/laravel/framework/src/Illuminate/Database/Console/Migrations/MigrateCommand.php(164): Illuminate\\Database\\Migrations\\Migrator->repositoryExists()
#18 /mnt/data/webproj/system defended/vendor/laravel/framework/src/Illuminate/Support/helpers.php(328): Illuminate\\Database\\Console\\Migrations\\MigrateCommand->{closure:Illuminate\\Database\\Console\\Migrations\\MigrateCommand::repositoryExists():164}()
#19 /mnt/data/webproj/system defended/vendor/laravel/framework/src/Illuminate/Database/Console/Migrations/MigrateCommand.php(164): retry()
#20 /mnt/data/webproj/system defended/vendor/laravel/framework/src/Illuminate/Database/Console/Migrations/MigrateCommand.php(140): Illuminate\\Database\\Console\\Migrations\\MigrateCommand->repositoryExists()
#21 /mnt/data/webproj/system defended/vendor/laravel/framework/src/Illuminate/Database/Console/Migrations/MigrateCommand.php(110): Illuminate\\Database\\Console\\Migrations\\MigrateCommand->prepareDatabase()
#22 /mnt/data/webproj/system defended/vendor/laravel/framework/src/Illuminate/Database/Migrations/Migrator.php(671): Illuminate\\Database\\Console\\Migrations\\MigrateCommand->{closure:Illuminate\\Database\\Console\\Migrations\\MigrateCommand::runMigrations():109}()
#23 /mnt/data/webproj/system defended/vendor/laravel/framework/src/Illuminate/Database/Console/Migrations/MigrateCommand.php(109): Illuminate\\Database\\Migrations\\Migrator->usingConnection()
#24 /mnt/data/webproj/system defended/vendor/laravel/framework/src/Illuminate/Database/Console/Migrations/MigrateCommand.php(88): Illuminate\\Database\\Console\\Migrations\\MigrateCommand->runMigrations()
#25 /mnt/data/webproj/system defended/vendor/laravel/framework/src/Illuminate/Container/BoundMethod.php(36): Illuminate\\Database\\Console\\Migrations\\MigrateCommand->handle()
#26 /mnt/data/webproj/system defended/vendor/laravel/framework/src/Illuminate/Container/Util.php(43): Illuminate\\Container\\BoundMethod::{closure:Illuminate\\Container\\BoundMethod::call():35}()
#27 /mnt/data/webproj/system defended/vendor/laravel/framework/src/Illuminate/Container/BoundMethod.php(96): Illuminate\\Container\\Util::unwrapIfClosure()
#28 /mnt/data/webproj/system defended/vendor/laravel/framework/src/Illuminate/Container/BoundMethod.php(35): Illuminate\\Container\\BoundMethod::callBoundMethod()
#29 /mnt/data/webproj/system defended/vendor/laravel/framework/src/Illuminate/Container/Container.php(799): Illuminate\\Container\\BoundMethod::call()
#30 /mnt/data/webproj/system defended/vendor/laravel/framework/src/Illuminate/Console/Command.php(211): Illuminate\\Container\\Container->call()
#31 /mnt/data/webproj/system defended/vendor/symfony/console/Command/Command.php(341): Illuminate\\Console\\Command->execute()
#32 /mnt/data/webproj/system defended/vendor/laravel/framework/src/Illuminate/Console/Command.php(180): Symfony\\Component\\Console\\Command\\Command->run()
#33 /mnt/data/webproj/system defended/vendor/laravel/framework/src/Illuminate/Console/Concerns/CallsCommands.php(68): Illuminate\\Console\\Command->run()
#34 /mnt/data/webproj/system defended/vendor/laravel/framework/src/Illuminate/Console/Concerns/CallsCommands.php(29): Illuminate\\Console\\Command->runCommand()
#35 /mnt/data/webproj/system defended/vendor/laravel/framework/src/Illuminate/Database/Console/Migrations/FreshCommand.php(88): Illuminate\\Console\\Command->call()
#36 /mnt/data/webproj/system defended/vendor/laravel/framework/src/Illuminate/Container/BoundMethod.php(36): Illuminate\\Database\\Console\\Migrations\\FreshCommand->handle()
#37 /mnt/data/webproj/system defended/vendor/laravel/framework/src/Illuminate/Container/Util.php(43): Illuminate\\Container\\BoundMethod::{closure:Illuminate\\Container\\BoundMethod::call():35}()
#38 /mnt/data/webproj/system defended/vendor/laravel/framework/src/Illuminate/Container/BoundMethod.php(96): Illuminate\\Container\\Util::unwrapIfClosure()
#39 /mnt/data/webproj/system defended/vendor/laravel/framework/src/Illuminate/Container/BoundMethod.php(35): Illuminate\\Container\\BoundMethod::callBoundMethod()
#40 /mnt/data/webproj/system defended/vendor/laravel/framework/src/Illuminate/Container/Container.php(799): Illuminate\\Container\\BoundMethod::call()
#41 /mnt/data/webproj/system defended/vendor/laravel/framework/src/Illuminate/Console/Command.php(211): Illuminate\\Container\\Container->call()
#42 /mnt/data/webproj/system defended/vendor/symfony/console/Command/Command.php(341): Illuminate\\Console\\Command->execute()
#43 /mnt/data/webproj/system defended/vendor/laravel/framework/src/Illuminate/Console/Command.php(180): Symfony\\Component\\Console\\Command\\Command->run()
#44 /mnt/data/webproj/system defended/vendor/symfony/console/Application.php(1117): Illuminate\\Console\\Command->run()
#45 /mnt/data/webproj/system defended/vendor/symfony/console/Application.php(356): Symfony\\Component\\Console\\Application->doRunCommand()
#46 /mnt/data/webproj/system defended/vendor/symfony/console/Application.php(195): Symfony\\Component\\Console\\Application->doRun()
#47 /mnt/data/webproj/system defended/vendor/laravel/framework/src/Illuminate/Foundation/Console/Kernel.php(198): Symfony\\Component\\Console\\Application->run()
#48 /mnt/data/webproj/system defended/vendor/laravel/framework/src/Illuminate/Foundation/Application.php(1235): Illuminate\\Foundation\\Console\\Kernel->handle()
#49 /mnt/data/webproj/system defended/artisan(16): Illuminate\\Foundation\\Application->handleCommand()
#50 {main}
"} 
[2026-09-22 23:56:38] local.ERROR: PHP Parse error: Syntax error, unexpected T_NS_SEPARATOR on line 1 {"exception":"[object] (Psy\\Exception\\ParseErrorException(code: 0): PHP Parse error: Syntax error, unexpected T_NS_SEPARATOR on line 1 at /mnt/data/webproj/system defended/vendor/psy/psysh/src/Exception/ParseErrorException.php:44)
[stacktrace]
#0 /mnt/data/webproj/system defended/vendor/psy/psysh/src/CodeCleaner.php(488): Psy\\Exception\\ParseErrorException::fromParseError()
#1 /mnt/data/webproj/system defended/vendor/psy/psysh/src/CodeCleaner.php(269): Psy\\CodeCleaner->parse()
#2 /mnt/data/webproj/system defended/vendor/psy/psysh/src/Shell.php(1282): Psy\\CodeCleaner->clean()
#3 /mnt/data/webproj/system defended/vendor/psy/psysh/src/Shell.php(1315): Psy\\Shell->addCode()
#4 /mnt/data/webproj/system defended/vendor/psy/psysh/src/Shell.php(1865): Psy\\Shell->setCode()
#5 /mnt/data/webproj/system defended/vendor/laravel/tinker/src/Console/TinkerCommand.php(77): Psy\\Shell->execute()
#6 /mnt/data/webproj/system defended/vendor/laravel/framework/src/Illuminate/Container/BoundMethod.php(36): Laravel\\Tinker\\Console\\TinkerCommand->handle()
#7 /mnt/data/webproj/system defended/vendor/laravel/framework/src/Illuminate/Container/Util.php(43): Illuminate\\Container\\BoundMethod::{closure:Illuminate\\Container\\BoundMethod::call():35}()
#8 /mnt/data/webproj/system defended/vendor/laravel/framework/src/Illuminate/Container/BoundMethod.php(96): Illuminate\\Container\\Util::unwrapIfClosure()
#9 /mnt/data/webproj/system defended/vendor/laravel/framework/src/Illuminate/Container/BoundMethod.php(35): Illuminate\\Container\\BoundMethod::callBoundMethod()
#10 /mnt/data/webproj/system defended/vendor/laravel/framework/src/Illuminate/Container/Container.php(799): Illuminate\\Container\\BoundMethod::call()
#11 /mnt/data/webproj/system defended/vendor/laravel/framework/src/Illuminate/Console/Command.php(211): Illuminate\\Container\\Container->call()
#12 /mnt/data/webproj/system defended/vendor/symfony/console/Command/Command.php(341): Illuminate\\Console\\Command->execute()
#13 /mnt/data/webproj/system defended/vendor/laravel/framework/src/Illuminate/Console/Command.php(180): Symfony\\Component\\Console\\Command\\Command->run()
#14 /mnt/data/webproj/system defended/vendor/symfony/console/Application.php(1117): Illuminate\\Console\\Command->run()
#15 /mnt/data/webproj/system defended/vendor/symfony/console/Application.php(356): Symfony\\Component\\Console\\Application->doRunCommand()
#16 /mnt/data/webproj/system defended/vendor/symfony/console/Application.php(195): Symfony\\Component\\Console\\Application->doRun()
#17 /mnt/data/webproj/system defended/vendor/laravel/framework/src/Illuminate/Foundation/Console/Kernel.php(198): Symfony\\Component\\Console\\Application->run()
#18 /mnt/data/webproj/system defended/vendor/laravel/framework/src/Illuminate/Foundation/Application.php(1235): Illuminate\\Foundation\\Console\\Kernel->handle()
#19 /mnt/data/webproj/system defended/artisan(16): Illuminate\\Foundation\\Application->handleCommand()
#20 {main}
"} 
